Read the execution plan and identify why optimizer chosed the plan, when it will and will not consider the hints.

SQL> SELECT /*+ FIRST_ROWS */ /* MYTEST */ ORDER_ID FROM ORDERS;

Execution Plan
----------------------------------------------------------                                                                                       
Plan hash value: 2880579201                                                                                                                      
                                                                                                                                                 
-----------------------------------------------------------------------------                                                                    
| Id  | Operation        | Name     | Rows  | Bytes | Cost (%CPU)| Time     |                                                                    
-----------------------------------------------------------------------------                                                                    
|   0 | SELECT STATEMENT |          |  1352K|  7922K|  3747   (1)| 00:00:01 |                                                                    
|   1 |  INDEX FULL SCAN | ORDER_PK |  1352K|  7922K|  3747   (1)| 00:00:01 |                                                                    
-----------------------------------------------------------------------------                                                                    

SQL> SELECT /*+ FIRST_ROWS(10) */ /* MYTEST */ ORDER_ID FROM ORDERS;

Execution Plan
----------------------------------------------------------                                                                                       
Plan hash value: 4126732553                                                                                                                      
                                                                                                                                                 
-----------------------------------------------------------------------------------------------------------------                                
| Id  | Operation               | Name     | Rows  | Bytes | Cost (%CPU)| Time     |    TQ  |IN-OUT| PQ Distrib |                                
-----------------------------------------------------------------------------------------------------------------                                
|   0 | SELECT STATEMENT        |          |    10 |    60 |     2   (0)| 00:00:01 |        |      |            |                                
|   1 |  PX COORDINATOR         |          |       |       |            |          |        |      |            |                                
|   2 |   PX SEND QC (RANDOM)   | :TQ10000 |    10 |    60 |     2   (0)| 00:00:01 |  Q1,00 | P->S | QC (RAND)  |                                
|   3 |    PX BLOCK ITERATOR    |          |    10 |    60 |     2   (0)| 00:00:01 |  Q1,00 | PCWC |            |                                
|   4 |     INDEX FAST FULL SCAN| ORDER_PK |    10 |    60 |     2   (0)| 00:00:01 |  Q1,00 | PCWP |            |                                
-----------------------------------------------------------------------------------------------------------------                                


SQL> SELECT /*+ FULL(D) */ DEPT_NO, DNAME FROM DEPT D WHERE DEPT_NO=10;

Execution Plan
----------------------------------------------------------                                                                                       
Plan hash value: 3383998547                                                                                                                      
                                                                                                                                                 
--------------------------------------------------------------------------                                                                       
| Id  | Operation         | Name | Rows  | Bytes | Cost (%CPU)| Time     |                                                                       
--------------------------------------------------------------------------                                                                       
|   0 | SELECT STATEMENT  |      |     1 |    13 |    35   (0)| 00:00:01 |                                                                       
|*  1 |  TABLE ACCESS FULL| DEPT |     1 |    13 |    35   (0)| 00:00:01 |                                                                       
--------------------------------------------------------------------------                                                                       
                                                                                                                                                 
Predicate Information (identified by operation id):                                                                                              
---------------------------------------------------                                                                                              
                                                                                                                                                 
   1 - filter("DEPT_NO"=10)                                                                                                                      

SQL> SELECT /*+ FULL(DEPT) */ DEPT_NO, DNAME FROM DEPT D WHERE DEPT_NO=10;

Execution Plan
----------------------------------------------------------                                                                                       
Plan hash value: 602043285                                                                                                                       
                                                                                                                                                 
---------------------------------------------------------------------------------------                                                          
| Id  | Operation                   | Name    | Rows  | Bytes | Cost (%CPU)| Time     |                                                          
---------------------------------------------------------------------------------------                                                          
|   0 | SELECT STATEMENT            |         |     1 |    13 |     1   (0)| 00:00:01 |                                                          
|   1 |  TABLE ACCESS BY INDEX ROWID| DEPT    |     1 |    13 |     1   (0)| 00:00:01 |                                                          
|*  2 |   INDEX UNIQUE SCAN         | DEPT_PK |     1 |       |     0   (0)| 00:00:01 |                                                          
---------------------------------------------------------------------------------------                                                          
                                                                                                                                                 
Predicate Information (identified by operation id):                                                                                              
---------------------------------------------------                                                                                              
                                                                                                                                                 
   2 - access("DEPT_NO"=10)                                                                                                                      
                                                                                                                                                 
Hint Report (identified by operation id / Query Block Name / Object Alias):                                                                      
Total hints for statement: 1 (N - Unresolved (1))                                                                                                
---------------------------------------------------------------------------                                                                      
                                                                                                                                                 
   1 -  SEL$1                                                                                                                                    
         N -  FULL(DEPT)                                                                                                                         

SQL> SELECT /*+ FULL(E) */ EMP_NO, ENAME, SALARY FROM EMP E WHERE EMP_NO=635;

Execution Plan
----------------------------------------------------------                                                                                       
Plan hash value: 3956160932                                                                                                                      
                                                                                                                                                 
--------------------------------------------------------------------------                                                                       
| Id  | Operation         | Name | Rows  | Bytes | Cost (%CPU)| Time     |                                                                       
--------------------------------------------------------------------------                                                                       
|   0 | SELECT STATEMENT  |      |     1 |    24 |     5   (0)| 00:00:01 |                                                                       
|*  1 |  TABLE ACCESS FULL| EMP  |     1 |    24 |     5   (0)| 00:00:01 |                                                                       
--------------------------------------------------------------------------                                                                       
                                                                                                                                                 
Predicate Information (identified by operation id):                                                                                              
---------------------------------------------------                                                                                              
                                                                                                                                                 
   1 - filter("EMP_NO"=635)                                                                                                                      

SQL> SELECT /*+ INDEX(E INDEX_PK) */ EMP_NO, ENAME, SALARY FROM EMP E WHERE EMP_NO=635;

Execution Plan
----------------------------------------------------------                                                                                       
Plan hash value: 4024650034                                                                                                                      
                                                                                                                                                 
--------------------------------------------------------------------------------------                                                           
| Id  | Operation                   | Name   | Rows  | Bytes | Cost (%CPU)| Time     |                                                           
--------------------------------------------------------------------------------------                                                           
|   0 | SELECT STATEMENT            |        |     1 |    24 |     2   (0)| 00:00:01 |                                                           
|   1 |  TABLE ACCESS BY INDEX ROWID| EMP    |     1 |    24 |     2   (0)| 00:00:01 |                                                           
|*  2 |   INDEX UNIQUE SCAN         | EMP_PK |     1 |       |     1   (0)| 00:00:01 |                                                           
--------------------------------------------------------------------------------------                                                           
                                                                                                                                                 
Predicate Information (identified by operation id):                                                                                              
---------------------------------------------------                                                                                              
                                                                                                                                                 
   2 - access("EMP_NO"=635)                                                                                                                      
                                                                                                                                                 
Hint Report (identified by operation id / Query Block Name / Object Alias):                                                                      
Total hints for statement: 1 (U - Unused (1))                                                                                                    
---------------------------------------------------------------------------                                                                      
                                                                                                                                                 
   1 -  SEL$1 / E@SEL$1                                                                                                                          
         U -  INDEX(E INDEX_PK) / index specified in the hint doesn't exist                                                                      

SQL> SELECT /*+ INDEX (E EMP_PK EMP_DEPTNO_IX ) */ EMP_NO, ENAME, SALARY FROM EMP E WHERE EMP_NO BETWEEN 600 AND 610 AND DEPT_NO=60;

Execution Plan
----------------------------------------------------------                                                                                       
Plan hash value: 2288396553                                                                                                                      
                                                                                                                                                 
----------------------------------------------------------------------------------------------                                                   
| Id  | Operation                           | Name   | Rows  | Bytes | Cost (%CPU)| Time     |                                                   
----------------------------------------------------------------------------------------------                                                   
|   0 | SELECT STATEMENT                    |        |     8 |   216 |     3   (0)| 00:00:01 |                                                   
|*  1 |  TABLE ACCESS BY INDEX ROWID BATCHED| EMP    |     8 |   216 |     3   (0)| 00:00:01 |                                                   
|*  2 |   INDEX RANGE SCAN                  | EMP_PK |    10 |       |     2   (0)| 00:00:01 |                                                   
----------------------------------------------------------------------------------------------                                                   
                                                                                                                                                 
Predicate Information (identified by operation id):                                                                                              
---------------------------------------------------                                                                                              
                                                                                                                                                 
   1 - filter("DEPT_NO"=60)                                                                                                                      
   2 - access("EMP_NO">=600 AND "EMP_NO"<=610)                                                                                                   
                                                                                                                                                 
Hint Report (identified by operation id / Query Block Name / Object Alias):                                                                      
Total hints for statement: 1 (U - Unused (1))                                                                                                    
---------------------------------------------------------------------------                                                                      
                                                                                                                                                 
   1 -  SEL$1 / E@SEL$1                                                                                                                          
         U -  INDEX (E EMP_PK EMP_DEPTNO_IX )                                                                                                    

SQL> select EMP_NO, ENAME, SALARY FROM EMP E WHERE EMP_NO BETWEEN 600 AND 610 AND DEPT_NO=60;

Execution Plan
----------------------------------------------------------                                                                                       
Plan hash value: 2288396553                                                                                                                      
                                                                                                                                                 
----------------------------------------------------------------------------------------------                                                   
| Id  | Operation                           | Name   | Rows  | Bytes | Cost (%CPU)| Time     |                                                   
----------------------------------------------------------------------------------------------                                                   
|   0 | SELECT STATEMENT                    |        |     8 |   216 |     3   (0)| 00:00:01 |                                                   
|*  1 |  TABLE ACCESS BY INDEX ROWID BATCHED| EMP    |     8 |   216 |     3   (0)| 00:00:01 |                                                   
|*  2 |   INDEX RANGE SCAN                  | EMP_PK |    10 |       |     2   (0)| 00:00:01 |                                                   
----------------------------------------------------------------------------------------------                                                   
                                                                                                                                                 
Predicate Information (identified by operation id):                                                                                              
---------------------------------------------------                                                                                              
                                                                                                                                                 
   1 - filter("DEPT_NO"=60)                                                                                                                      
   2 - access("EMP_NO">=600 AND "EMP_NO"<=610)                                                                                                   

SQL> select /*+index(e EMP_DEPTNO_IX)*/  EMP_NO, ENAME, SALARY FROM EMP E WHERE EMP_NO BETWEEN 600 AND 610 AND DEPT_NO=60;

Execution Plan
----------------------------------------------------------                                                                                       
Plan hash value: 2288396553                                                                                                                      
                                                                                                                                                 
----------------------------------------------------------------------------------------------                                                   
| Id  | Operation                           | Name   | Rows  | Bytes | Cost (%CPU)| Time     |                                                   
----------------------------------------------------------------------------------------------                                                   
|   0 | SELECT STATEMENT                    |        |     8 |   216 |     3   (0)| 00:00:01 |                                                   
|*  1 |  TABLE ACCESS BY INDEX ROWID BATCHED| EMP    |     8 |   216 |     3   (0)| 00:00:01 |                                                   
|*  2 |   INDEX RANGE SCAN                  | EMP_PK |    10 |       |     2   (0)| 00:00:01 |                                                   
----------------------------------------------------------------------------------------------                                                   
                                                                                                                                                 
Predicate Information (identified by operation id):                                                                                              
---------------------------------------------------                                                                                              
                                                                                                                                                 
   1 - filter("DEPT_NO"=60)                                                                                                                      
   2 - access("EMP_NO">=600 AND "EMP_NO"<=610)                                                                                                   
                                                                                                                                                 
Hint Report (identified by operation id / Query Block Name / Object Alias):                                                                      
Total hints for statement: 1 (U - Unused (1))                                                                                                    
---------------------------------------------------------------------------                                                                      
                                                                                                                                                 
   1 -  SEL$1 / E@SEL$1                                                                                                                          
         U -  index(e EMP_DEPTNO_IX) / index specified in the hint doesn't exist                                                                 

SQL>  select /*+index(E EMP_DEPTNO_IX)*/  EMP_NO, ENAME, SALARY FROM EMP E WHERE EMP_NO BETWEEN 600 AND 610 AND DEPT_NO=60;

Execution Plan
----------------------------------------------------------                                                                                       
Plan hash value: 2288396553                                                                                                                      
                                                                                                                                                 
----------------------------------------------------------------------------------------------                                                   
| Id  | Operation                           | Name   | Rows  | Bytes | Cost (%CPU)| Time     |                                                   
----------------------------------------------------------------------------------------------                                                   
|   0 | SELECT STATEMENT                    |        |     8 |   216 |     3   (0)| 00:00:01 |                                                   
|*  1 |  TABLE ACCESS BY INDEX ROWID BATCHED| EMP    |     8 |   216 |     3   (0)| 00:00:01 |                                                   
|*  2 |   INDEX RANGE SCAN                  | EMP_PK |    10 |       |     2   (0)| 00:00:01 |                                                   
----------------------------------------------------------------------------------------------                                                   
                                                                                                                                                 
Predicate Information (identified by operation id):                                                                                              
---------------------------------------------------                                                                                              
                                                                                                                                                 
   1 - filter("DEPT_NO"=60)                                                                                                                      
   2 - access("EMP_NO">=600 AND "EMP_NO"<=610)                                                                                                   
                                                                                                                                                 
Hint Report (identified by operation id / Query Block Name / Object Alias):                                                                      
Total hints for statement: 1 (U - Unused (1))                                                                                                    
---------------------------------------------------------------------------                                                                      
                                                                                                                                                 
   1 -  SEL$1 / E@SEL$1                                                                                                                          
         U -  index(E EMP_DEPTNO_IX) / index specified in the hint doesn't exist                                                                 

SQL> select /*+no_index*/  EMP_NO, ENAME, SALARY FROM EMP E WHERE EMP_NO BETWEEN 600 AND 610 AND DEPT_NO=60;

Execution Plan
----------------------------------------------------------                                                                                       
Plan hash value: 2288396553                                                                                                                      
                                                                                                                                                 
----------------------------------------------------------------------------------------------                                                   
| Id  | Operation                           | Name   | Rows  | Bytes | Cost (%CPU)| Time     |                                                   
----------------------------------------------------------------------------------------------                                                   
|   0 | SELECT STATEMENT                    |        |     8 |   216 |     3   (0)| 00:00:01 |                                                   
|*  1 |  TABLE ACCESS BY INDEX ROWID BATCHED| EMP    |     8 |   216 |     3   (0)| 00:00:01 |                                                   
|*  2 |   INDEX RANGE SCAN                  | EMP_PK |    10 |       |     2   (0)| 00:00:01 |                                                   
----------------------------------------------------------------------------------------------                                                   
                                                                                                                                                 
Predicate Information (identified by operation id):                                                                                              
---------------------------------------------------                                                                                              
                                                                                                                                                 
   1 - filter("DEPT_NO"=60)                                                                                                                      
   2 - access("EMP_NO">=600 AND "EMP_NO"<=610)                                                                                                   
                                                                                                                                                 
Hint Report (identified by operation id / Query Block Name / Object Alias):                                                                      
Total hints for statement: 1 (E - Syntax error (1))                                                                                              
---------------------------------------------------------------------------                                                                      
                                                                                                                                                 
   1 -  SEL$1                                                                                                                                    
         E -  no_index                                                                                                                           

SQL> select /*+no_index(E EMP_PK)*/  EMP_NO, ENAME, SALARY FROM EMP E WHERE EMP_NO BETWEEN 600 AND 610 AND DEPT_NO=60;

Execution Plan
----------------------------------------------------------                                                                                       
Plan hash value: 3956160932                                                                                                                      
                                                                                                                                                 
--------------------------------------------------------------------------                                                                       
| Id  | Operation         | Name | Rows  | Bytes | Cost (%CPU)| Time     |                                                                       
--------------------------------------------------------------------------                                                                       
|   0 | SELECT STATEMENT  |      |     8 |   216 |     5   (0)| 00:00:01 |                                                                       
|*  1 |  TABLE ACCESS FULL| EMP  |     8 |   216 |     5   (0)| 00:00:01 |                                                                       
--------------------------------------------------------------------------                                                                       
                                                                                                                                                 
Predicate Information (identified by operation id):                                                                                              
---------------------------------------------------                                                                                              
                                                                                                                                                 
   1 - filter("EMP_NO">=600 AND "EMP_NO"<=610 AND "DEPT_NO"=60)                                                                                  


SQL>  select /*+index(E EMP_PK)*/  EMP_NO, ENAME, SALARY FROM EMP E WHERE EMP_NO BETWEEN 600 AND 610 AND DEPT_NO=60;

Execution Plan
----------------------------------------------------------                                                                                       
Plan hash value: 2288396553                                                                                                                      
                                                                                                                                                 
----------------------------------------------------------------------------------------------                                                   
| Id  | Operation                           | Name   | Rows  | Bytes | Cost (%CPU)| Time     |                                                   
----------------------------------------------------------------------------------------------                                                   
|   0 | SELECT STATEMENT                    |        |     8 |   216 |     3   (0)| 00:00:01 |                                                   
|*  1 |  TABLE ACCESS BY INDEX ROWID BATCHED| EMP    |     8 |   216 |     3   (0)| 00:00:01 |                                                   
|*  2 |   INDEX RANGE SCAN                  | EMP_PK |    10 |       |     2   (0)| 00:00:01 |                                                   
----------------------------------------------------------------------------------------------                                                   
                                                                                                                                                 
Predicate Information (identified by operation id):                                                                                              
---------------------------------------------------                                                                                              
                                                                                                                                                 
   1 - filter("DEPT_NO"=60)                                                                                                                      
   2 - access("EMP_NO">=600 AND "EMP_NO"<=610)                                                                                                   

SQL> select /*+no_index(E EMP_DEPTNO_IX)*/  EMP_NO, ENAME, SALARY FROM EMP E WHERE EMP_NO BETWEEN 600 AND 610 AND DEPT_NO=60;

Execution Plan
----------------------------------------------------------                                                                                       
Plan hash value: 2288396553                                                                                                                      
                                                                                                                                                 
----------------------------------------------------------------------------------------------                                                   
| Id  | Operation                           | Name   | Rows  | Bytes | Cost (%CPU)| Time     |                                                   
----------------------------------------------------------------------------------------------                                                   
|   0 | SELECT STATEMENT                    |        |     8 |   216 |     3   (0)| 00:00:01 |                                                   
|*  1 |  TABLE ACCESS BY INDEX ROWID BATCHED| EMP    |     8 |   216 |     3   (0)| 00:00:01 |                                                   
|*  2 |   INDEX RANGE SCAN                  | EMP_PK |    10 |       |     2   (0)| 00:00:01 |                                                   
----------------------------------------------------------------------------------------------                                                   
                                                                                                                                                 
Predicate Information (identified by operation id):                                                                                              
---------------------------------------------------                                                                                              
                                                                                                                                                 
   1 - filter("DEPT_NO"=60)                                                                                                                      
   2 - access("EMP_NO">=600 AND "EMP_NO"<=610)                                                                                                   

SQL>  select /*index(E EMP_DEPTNO_IX)*/  EMP_NO, ENAME, SALARY FROM EMP E WHERE EMP_NO BETWEEN 600 AND 610 AND DEPT_NO=60;

Execution Plan
----------------------------------------------------------                                                                                       
Plan hash value: 2288396553                                                                                                                      
                                                                                                                                                 
----------------------------------------------------------------------------------------------                                                   
| Id  | Operation                           | Name   | Rows  | Bytes | Cost (%CPU)| Time     |                                                   
----------------------------------------------------------------------------------------------                                                   
|   0 | SELECT STATEMENT                    |        |     8 |   216 |     3   (0)| 00:00:01 |                                                   
|*  1 |  TABLE ACCESS BY INDEX ROWID BATCHED| EMP    |     8 |   216 |     3   (0)| 00:00:01 |                                                   
|*  2 |   INDEX RANGE SCAN                  | EMP_PK |    10 |       |     2   (0)| 00:00:01 |                                                   
----------------------------------------------------------------------------------------------                                                   
                                                                                                                                                 
Predicate Information (identified by operation id):                                                                                              
---------------------------------------------------                                                                                              
                                                                                                                                                 
   1 - filter("DEPT_NO"=60)                                                                                                                      
   2 - access("EMP_NO">=600 AND "EMP_NO"<=610)                                                                                                   

SQL> select /*+index(E EMP_DEPTNO_IX)*/  EMP_NO, ENAME, SALARY FROM EMP E WHERE EMP_NO BETWEEN 600 AND 610 AND DEPT_NO=60;

Execution Plan
----------------------------------------------------------                                                                                       
Plan hash value: 2288396553                                                                                                                      
                                                                                                                                                 
----------------------------------------------------------------------------------------------                                                   
| Id  | Operation                           | Name   | Rows  | Bytes | Cost (%CPU)| Time     |                                                   
----------------------------------------------------------------------------------------------                                                   
|   0 | SELECT STATEMENT                    |        |     8 |   216 |     3   (0)| 00:00:01 |                                                   
|*  1 |  TABLE ACCESS BY INDEX ROWID BATCHED| EMP    |     8 |   216 |     3   (0)| 00:00:01 |                                                   
|*  2 |   INDEX RANGE SCAN                  | EMP_PK |    10 |       |     2   (0)| 00:00:01 |                                                   
----------------------------------------------------------------------------------------------                                                   
                                                                                                                                                 
Predicate Information (identified by operation id):                                                                                              
---------------------------------------------------                                                                                              
                                                                                                                                                 
   1 - filter("DEPT_NO"=60)                                                                                                                      
   2 - access("EMP_NO">=600 AND "EMP_NO"<=610)                                                                                                   
                                                                                                                                                 
Hint Report (identified by operation id / Query Block Name / Object Alias):                                                                      
Total hints for statement: 1 (U - Unused (1))                                                                                                    
---------------------------------------------------------------------------                                                                      
                                                                                                                                                 
   1 -  SEL$1 / E@SEL$1                                                                                                                          
         U -  index(E EMP_DEPTNO_IX) / index specified in the hint doesn't exist                                                                 

SQL> select ename from emp where dept_no>10;

Execution Plan
----------------------------------------------------------                                                                                       
Plan hash value: 3956160932                                                                                                                      
                                                                                                                                                 
--------------------------------------------------------------------------                                                                       
| Id  | Operation         | Name | Rows  | Bytes | Cost (%CPU)| Time     |                                                                       
--------------------------------------------------------------------------                                                                       
|   0 | SELECT STATEMENT  |      |   766 | 14554 |     5   (0)| 00:00:01 |                                                                       
|*  1 |  TABLE ACCESS FULL| EMP  |   766 | 14554 |     5   (0)| 00:00:01 |                                                                       
--------------------------------------------------------------------------                                                                       
                                                                                                                                                 
Predicate Information (identified by operation id):                                                                                              
---------------------------------------------------                                                                                              
                                                                                                                                                 
   1 - filter("DEPT_NO">10)                                                                                                                      

SQL> select ename from emp where dept_no=10;

Execution Plan
----------------------------------------------------------                                                                                       
Plan hash value: 1310700082                                                                                                                      
                                                                                                                                                 
-----------------------------------------------------------------------------------------------                                                  
| Id  | Operation                           | Name    | Rows  | Bytes | Cost (%CPU)| Time     |                                                  
-----------------------------------------------------------------------------------------------                                                  
|   0 | SELECT STATEMENT                    |         |   113 |  2147 |     3   (0)| 00:00:01 |                                                  
|   1 |  TABLE ACCESS BY INDEX ROWID BATCHED| EMP     |   113 |  2147 |     3   (0)| 00:00:01 |                                                  
|*  2 |   INDEX RANGE SCAN                  | DEPT_IX |   113 |       |     1   (0)| 00:00:01 |                                                  
-----------------------------------------------------------------------------------------------                                                  
                                                                                                                                                 
Predicate Information (identified by operation id):                                                                                              
---------------------------------------------------                                                                                              
                                                                                                                                                 
   2 - access("DEPT_NO"=10)                                                                                                                      

SQL> select /*+index(E DEPT_IX)*/  EMP_NO, ENAME, SALARY FROM EMP E WHERE EMP_NO BETWEEN 600 AND 610 AND DEPT_NO=60;

Execution Plan
----------------------------------------------------------                                                                                       
Plan hash value: 1310700082                                                                                                                      
                                                                                                                                                 
-----------------------------------------------------------------------------------------------                                                  
| Id  | Operation                           | Name    | Rows  | Bytes | Cost (%CPU)| Time     |                                                  
-----------------------------------------------------------------------------------------------                                                  
|   0 | SELECT STATEMENT                    |         |     8 |   216 |    10   (0)| 00:00:01 |                                                  
|*  1 |  TABLE ACCESS BY INDEX ROWID BATCHED| EMP     |     8 |   216 |    10   (0)| 00:00:01 |                                                  
|*  2 |   INDEX RANGE SCAN                  | DEPT_IX |   699 |       |     2   (0)| 00:00:01 |                                                  
-----------------------------------------------------------------------------------------------                                                  
                                                                                                                                                 
Predicate Information (identified by operation id):                                                                                              
---------------------------------------------------                                                                                              
                                                                                                                                                 
   1 - filter("EMP_NO">=600 AND "EMP_NO"<=610)                                                                                                   
   2 - access("DEPT_NO"=60)                                                                                                                      


SQL> select /*+index(E EMP_PK)*/  EMP_NO, ENAME, SALARY FROM EMP E WHERE EMP_NO BETWEEN 600 AND 610 AND DEPT_NO=60;

Execution Plan
----------------------------------------------------------                                                                                       
Plan hash value: 2288396553                                                                                                                      
                                                                                                                                                 
----------------------------------------------------------------------------------------------                                                   
| Id  | Operation                           | Name   | Rows  | Bytes | Cost (%CPU)| Time     |                                                   
----------------------------------------------------------------------------------------------                                                   
|   0 | SELECT STATEMENT                    |        |     8 |   216 |     3   (0)| 00:00:01 |                                                   
|*  1 |  TABLE ACCESS BY INDEX ROWID BATCHED| EMP    |     8 |   216 |     3   (0)| 00:00:01 |                                                   
|*  2 |   INDEX RANGE SCAN                  | EMP_PK |    10 |       |     2   (0)| 00:00:01 |                                                   
----------------------------------------------------------------------------------------------                                                   
                                                                                                                                                 
Predicate Information (identified by operation id):                                                                                              
---------------------------------------------------                                                                                              
                                                                                                                                                 
   1 - filter("DEPT_NO"=60)                                                                                                                      
   2 - access("EMP_NO">=600 AND "EMP_NO"<=610)                                                                                                   

SQL> CREATE INDEX EMP_ENAME_JC_IX ON EMP(ENAME, JOB_CODE) COMPUTE STATISTICS;

Index created.

SQL> SELECT /*+ INDEX_FFS(E EMP_ENAME_JC_IX) */
  2  ENAME, JOB_CODE
  3  FROM EMP E
  4  WHERE ENAME LIKE 'Z%';

Execution Plan
----------------------------------------------------------                                                                                       
Plan hash value: 1191882812                                                                                                                      
                                                                                                                                                 
----------------------------------------------------------------------------------------                                                         
| Id  | Operation            | Name            | Rows  | Bytes | Cost (%CPU)| Time     |                                                         
----------------------------------------------------------------------------------------                                                         
|   0 | SELECT STATEMENT     |                 |    12 |   252 |     3   (0)| 00:00:01 |                                                         
|*  1 |  INDEX FAST FULL SCAN| EMP_ENAME_JC_IX |    12 |   252 |     3   (0)| 00:00:01 |                                                         
----------------------------------------------------------------------------------------                                                         
                                                                                                                                                 
Predicate Information (identified by operation id):                                                                                              
---------------------------------------------------                                                                                              
                                                                                                                                                 
   1 - filter("ENAME" LIKE 'Z%')                                                                                                                 

SQL> SELECT /*+ INDEX_FFS(E EMP_ENAME_JC_IX) */ ENAME, JOB_CODE FROM EMP E WHERE EMP_NO BETWEEN 600 AND 610;

Execution Plan
----------------------------------------------------------                                                                                       
Plan hash value: 2288396553                                                                                                                      
                                                                                                                                                 
----------------------------------------------------------------------------------------------                                                   
| Id  | Operation                           | Name   | Rows  | Bytes | Cost (%CPU)| Time     |                                                   
----------------------------------------------------------------------------------------------                                                   
|   0 | SELECT STATEMENT                    |        |    10 |   250 |     3   (0)| 00:00:01 |                                                   
|   1 |  TABLE ACCESS BY INDEX ROWID BATCHED| EMP    |    10 |   250 |     3   (0)| 00:00:01 |                                                   
|*  2 |   INDEX RANGE SCAN                  | EMP_PK |    10 |       |     2   (0)| 00:00:01 |                                                   
----------------------------------------------------------------------------------------------                                                   
                                                                                                                                                 
Predicate Information (identified by operation id):                                                                                              
---------------------------------------------------                                                                                              
                                                                                                                                                 
   2 - access("EMP_NO">=600 AND "EMP_NO"<=610)                                                                                                   
                                                                                                                                                 
Hint Report (identified by operation id / Query Block Name / Object Alias):                                                                      
Total hints for statement: 1 (U - Unused (1))                                                                                                    
---------------------------------------------------------------------------                                                                      
                                                                                                                                                 
   1 -  SEL$1 / E@SEL$1                                                                                                                          
         U -  INDEX_FFS(E EMP_ENAME_JC_IX)                                                                                                       

SQL> DROP INDEX EMP_ENAME_JC_IX;

Index dropped.

SQL> select count(*) from dept;

Execution Plan
----------------------------------------------------------                                                                                       
Plan hash value: 2928620147                                                                                                                      
                                                                                                                                                 
--------------------------------------------------------------------                                                                             
| Id  | Operation        | Name    | Rows  | Cost (%CPU)| Time     |                                                                             
--------------------------------------------------------------------                                                                             
|   0 | SELECT STATEMENT |         |     1 |     1   (0)| 00:00:01 |                                                                             
|   1 |  SORT AGGREGATE  |         |     1 |            |          |                                                                             
|   2 |   INDEX FULL SCAN| DEPT_PK |     7 |     1   (0)| 00:00:01 |                                                                             
--------------------------------------------------------------------                                                                             

SQL> select count(*) from emp;

Execution Plan
----------------------------------------------------------                                                                                       
Plan hash value: 3578136827                                                                                                                      
                                                                                                                                                 
------------------------------------------------------------------------                                                                         
| Id  | Operation             | Name   | Rows  | Cost (%CPU)| Time     |                                                                         
------------------------------------------------------------------------                                                                         
|   0 | SELECT STATEMENT      |        |     1 |     2   (0)| 00:00:01 |                                                                         
|   1 |  SORT AGGREGATE       |        |     1 |            |          |                                                                         
|   2 |   INDEX FAST FULL SCAN| EMP_PK |   879 |     2   (0)| 00:00:01 |                                                                         
------------------------------------------------------------------------                                                                         

SQL> SELECT /*+ FULL(E) FULL(D) */ E.EMP_NO, E.ENAME, D.DNAME FROM EMP E, DEPT D WHERE E.DEPT_NO = D.DEPT_NO;

Execution Plan
----------------------------------------------------------                                                                                       
Plan hash value: 615168685                                                                                                                       
                                                                                                                                                 
---------------------------------------------------------------------------                                                                      
| Id  | Operation          | Name | Rows  | Bytes | Cost (%CPU)| Time     |                                                                      
---------------------------------------------------------------------------                                                                      
|   0 | SELECT STATEMENT   |      |   879 | 31644 |    40   (0)| 00:00:01 |                                                                      
|*  1 |  HASH JOIN         |      |   879 | 31644 |    40   (0)| 00:00:01 |                                                                      
|   2 |   TABLE ACCESS FULL| DEPT |     7 |    91 |    35   (0)| 00:00:01 |                                                                      
|   3 |   TABLE ACCESS FULL| EMP  |   879 | 20217 |     5   (0)| 00:00:01 |                                                                      
---------------------------------------------------------------------------                                                                      
                                                                                                                                                 
Predicate Information (identified by operation id):                                                                                              
---------------------------------------------------                                                                                              
                                                                                                                                                 
   1 - access("E"."DEPT_NO"="D"."DEPT_NO")                                                                                                       

SQL> SELECT /*+ ORDERED FULL(E) FULL(D) */ E.EMP_NO, E.ENAME, D.DNAME FROM EMP E, DEPT D WHERE E.DEPT_NO = D.DEPT_NO;

Execution Plan
----------------------------------------------------------                                                                                       
Plan hash value: 1123238657                                                                                                                      
                                                                                                                                                 
---------------------------------------------------------------------------                                                                      
| Id  | Operation          | Name | Rows  | Bytes | Cost (%CPU)| Time     |                                                                      
---------------------------------------------------------------------------                                                                      
|   0 | SELECT STATEMENT   |      |   879 | 31644 |    40   (0)| 00:00:01 |                                                                      
|*  1 |  HASH JOIN         |      |   879 | 31644 |    40   (0)| 00:00:01 |                                                                      
|   2 |   TABLE ACCESS FULL| EMP  |   879 | 20217 |     5   (0)| 00:00:01 |                                                                      
|   3 |   TABLE ACCESS FULL| DEPT |     7 |    91 |    35   (0)| 00:00:01 |                                                                      
---------------------------------------------------------------------------                                                                      
                                                                                                                                                 
Predicate Information (identified by operation id):                                                                                              
---------------------------------------------------                                                                                              
                                                                                                                                                 
   1 - access("E"."DEPT_NO"="D"."DEPT_NO")                                                                                                       

SQL> SELECT /*+ LEADING(DEPT) FULL(EMP) FULL(DEPT) FULL(JOBS) */EMP_NO,ENAME,DNAME,JOB_NAME FROM DEPT, EMP, JOBS WHERE DEPT.DEPT_NO = EMP.DEPT_NO AND JOBS.JOB_CODE = EMP.JOB_CODE;

Execution Plan
----------------------------------------------------------                                                                                       
Plan hash value: 371351835                                                                                                                       
                                                                                                                                                 
----------------------------------------------------------------------------                                                                     
| Id  | Operation           | Name | Rows  | Bytes | Cost (%CPU)| Time     |                                                                     
----------------------------------------------------------------------------                                                                     
|   0 | SELECT STATEMENT    |      |   879 | 51861 |    75   (0)| 00:00:01 |                                                                     
|*  1 |  HASH JOIN          |      |   879 | 51861 |    75   (0)| 00:00:01 |                                                                     
|   2 |   TABLE ACCESS FULL | JOBS |    23 |   414 |    35   (0)| 00:00:01 |                                                                     
|*  3 |   HASH JOIN         |      |   879 | 36039 |    40   (0)| 00:00:01 |                                                                     
|   4 |    TABLE ACCESS FULL| DEPT |     7 |    91 |    35   (0)| 00:00:01 |                                                                     
|   5 |    TABLE ACCESS FULL| EMP  |   879 | 24612 |     5   (0)| 00:00:01 |                                                                     
----------------------------------------------------------------------------                                                                     
                                                                                                                                                 
Predicate Information (identified by operation id):                                                                                              
---------------------------------------------------                                                                                              
                                                                                                                                                 
   1 - access("JOBS"."JOB_CODE"="EMP"."JOB_CODE")                                                                                                
   3 - access("DEPT"."DEPT_NO"="EMP"."DEPT_NO")                                                                                                  

SQL> SELECT /*+ LEADING(EMP) FULL(EMP) FULL(DEPT) FULL(JOBS) */ EMP_NO,ENAME,DNAME,JOB_NAME FROM DEPT, EMP, JOBS WHERE DEPT.DEPT_NO = EMP.DEPT_NO AND JOBS.JOB_CODE = EMP.JOB_CODE;

Execution Plan
----------------------------------------------------------                                                                                       
Plan hash value: 495423756                                                                                                                       
                                                                                                                                                 
----------------------------------------------------------------------------                                                                     
| Id  | Operation           | Name | Rows  | Bytes | Cost (%CPU)| Time     |                                                                     
----------------------------------------------------------------------------                                                                     
|   0 | SELECT STATEMENT    |      |   879 | 51861 |    75   (0)| 00:00:01 |                                                                     
|*  1 |  HASH JOIN          |      |   879 | 51861 |    75   (0)| 00:00:01 |                                                                     
|   2 |   TABLE ACCESS FULL | DEPT |     7 |    91 |    35   (0)| 00:00:01 |                                                                     
|*  3 |   HASH JOIN         |      |   879 | 40434 |    40   (0)| 00:00:01 |                                                                     
|   4 |    TABLE ACCESS FULL| EMP  |   879 | 24612 |     5   (0)| 00:00:01 |                                                                     
|   5 |    TABLE ACCESS FULL| JOBS |    23 |   414 |    35   (0)| 00:00:01 |                                                                     
----------------------------------------------------------------------------                                                                     
                                                                                                                                                 
Predicate Information (identified by operation id):                                                                                              
---------------------------------------------------                                                                                              
                                                                                                                                                 
   1 - access("DEPT"."DEPT_NO"="EMP"."DEPT_NO")                                                                                                  
   3 - access("JOBS"."JOB_CODE"="EMP"."JOB_CODE")                                                                                                

SQL> SELECT /*+ LEADING(EMP) FULL(EMP) FULL(DEPT) FULL(JOBS) */ EMP_NO,ENAME,DNAME,JOB_NAME FROM DEPT INNER JOIN EMP ON (DEPT.DEPT_NO = EMP.DEPT_NO) INNER JOIN JOBS ON (JOBS.JOB_CODE = EMP.JOB_CODE);

Execution Plan
----------------------------------------------------------                                                                                       
Plan hash value: 495423756                                                                                                                       
                                                                                                                                                 
----------------------------------------------------------------------------                                                                     
| Id  | Operation           | Name | Rows  | Bytes | Cost (%CPU)| Time     |                                                                     
----------------------------------------------------------------------------                                                                     
|   0 | SELECT STATEMENT    |      |   879 | 51861 |    75   (0)| 00:00:01 |                                                                     
|*  1 |  HASH JOIN          |      |   879 | 51861 |    75   (0)| 00:00:01 |                                                                     
|   2 |   TABLE ACCESS FULL | DEPT |     7 |    91 |    35   (0)| 00:00:01 |                                                                     
|*  3 |   HASH JOIN         |      |   879 | 40434 |    40   (0)| 00:00:01 |                                                                     
|   4 |    TABLE ACCESS FULL| EMP  |   879 | 24612 |     5   (0)| 00:00:01 |                                                                     
|   5 |    TABLE ACCESS FULL| JOBS |    23 |   414 |    35   (0)| 00:00:01 |                                                                     
----------------------------------------------------------------------------                                                                     
                                                                                                                                                 
Predicate Information (identified by operation id):                                                                                              
---------------------------------------------------                                                                                              
                                                                                                                                                 
   1 - access("DEPT"."DEPT_NO"="EMP"."DEPT_NO")                                                                                                  
   3 - access("JOBS"."JOB_CODE"="EMP"."JOB_CODE")                                                                                                

SQL> SELECT /*+ LEADING(EMP DEPT JOBS) FULL(EMP) FULL(DEPT) FULL(JOBS) */ EMP_NO,ENAME,DNAME,JOB_NAME FROM DEPT, EMP, JOBS 
     WHERE DEPT.DEPT_NO = EMP.DEPT_NO AND JOBS.JOB_CODE = EMP.JOB_CODE;

Execution Plan
----------------------------------------------------------                                                                                       
Plan hash value: 2955934646                                                                                                                      
                                                                                                                                                 
----------------------------------------------------------------------------                                                                     
| Id  | Operation           | Name | Rows  | Bytes | Cost (%CPU)| Time     |                                                                     
----------------------------------------------------------------------------                                                                     
|   0 | SELECT STATEMENT    |      |   879 | 51861 |    75   (0)| 00:00:01 |                                                                     
|*  1 |  HASH JOIN          |      |   879 | 51861 |    75   (0)| 00:00:01 |                                                                     
|   2 |   TABLE ACCESS FULL | JOBS |    23 |   414 |    35   (0)| 00:00:01 |                                                                     
|*  3 |   HASH JOIN         |      |   879 | 36039 |    40   (0)| 00:00:01 |                                                                     
|   4 |    TABLE ACCESS FULL| EMP  |   879 | 24612 |     5   (0)| 00:00:01 |                                                                     
|   5 |    TABLE ACCESS FULL| DEPT |     7 |    91 |    35   (0)| 00:00:01 |                                                                     
----------------------------------------------------------------------------                                                                     
                                                                                                                                                 
Predicate Information (identified by operation id):                                                                                              
---------------------------------------------------                                                                                              
                                                                                                                                                 
   1 - access("JOBS"."JOB_CODE"="EMP"."JOB_CODE")                                                                                                
   3 - access("DEPT"."DEPT_NO"="EMP"."DEPT_NO")                                                                                                  

SQL> SELECT /*+ USE_NL(EMP) */ EMP_NO,ENAME,DNAME FROM EMP, DEPT WHERE DEPT.DEPT_NO = EMP.DEPT_NO AND EMP_NO=630;

Execution Plan
----------------------------------------------------------                                                                                       
Plan hash value: 4081233386                                                                                                                      
                                                                                                                                                 
----------------------------------------------------------------------------------------                                                         
| Id  | Operation                    | Name    | Rows  | Bytes | Cost (%CPU)| Time     |                                                         
----------------------------------------------------------------------------------------                                                         
|   0 | SELECT STATEMENT             |         |     1 |    36 |     3   (0)| 00:00:01 |                                                         
|   1 |  NESTED LOOPS                |         |     1 |    36 |     3   (0)| 00:00:01 |                                                         
|   2 |   TABLE ACCESS BY INDEX ROWID| EMP     |     1 |    23 |     2   (0)| 00:00:01 |                                                         
|*  3 |    INDEX UNIQUE SCAN         | EMP_PK  |     1 |       |     1   (0)| 00:00:01 |                                                         
|   4 |   TABLE ACCESS BY INDEX ROWID| DEPT    |     1 |    13 |     1   (0)| 00:00:01 |                                                         
|*  5 |    INDEX UNIQUE SCAN         | DEPT_PK |     1 |       |     0   (0)| 00:00:01 |                                                         
----------------------------------------------------------------------------------------                                                         
                                                                                                                                                 
Predicate Information (identified by operation id):                                                                                              
---------------------------------------------------                                                                                              
                                                                                                                                                 
   3 - access("EMP_NO"=630)                                                                                                                      
   5 - access("DEPT"."DEPT_NO"="EMP"."DEPT_NO")                                                                                                  
                                                                                                                                                 
Hint Report (identified by operation id / Query Block Name / Object Alias):                                                                      
Total hints for statement: 1 (U - Unused (1))                                                                                                    
---------------------------------------------------------------------------                                                                      
                                                                                                                                                 
   2 -  SEL$1 / EMP@SEL$1                                                                                                                        
         U -  USE_NL(EMP)                                                                                                                        

SQL> SELECT /*+ USE_NL(EMP) */ EMP_NO,ENAME,DNAME FROM EMP, DEPT WHERE DEPT.DEPT_NO = EMP.DEPT_NO AND DEPT.DEPT_NO=10;

Execution Plan
----------------------------------------------------------                                                                                       
Plan hash value: 1706465873                                                                                                                      
                                                                                                                                                 
------------------------------------------------------------------------------------------------                                                 
| Id  | Operation                            | Name    | Rows  | Bytes | Cost (%CPU)| Time     |                                                 
------------------------------------------------------------------------------------------------                                                 
|   0 | SELECT STATEMENT                     |         |   113 |  4068 |     4   (0)| 00:00:01 |                                                 
|   1 |  NESTED LOOPS                        |         |   113 |  4068 |     4   (0)| 00:00:01 |                                                 
|   2 |   TABLE ACCESS BY INDEX ROWID        | DEPT    |     1 |    13 |     1   (0)| 00:00:01 |                                                 
|*  3 |    INDEX UNIQUE SCAN                 | DEPT_PK |     1 |       |     0   (0)| 00:00:01 |                                                 
|   4 |   TABLE ACCESS BY INDEX ROWID BATCHED| EMP     |   113 |  2599 |     3   (0)| 00:00:01 |                                                 
|*  5 |    INDEX RANGE SCAN                  | DEPT_IX |   113 |       |     1   (0)| 00:00:01 |                                                 
------------------------------------------------------------------------------------------------                                                 
                                                                                                                                                 
Predicate Information (identified by operation id):                                                                                              
---------------------------------------------------                                                                                              
                                                                                                                                                 
   3 - access("DEPT"."DEPT_NO"=10)                                                                                                               
   5 - access("EMP"."DEPT_NO"=10)                                                                                                                

SQL> SELECT /*+ LEADING (DEPT) USE_NL(EMP) */ EMP_NO,ENAME,DNAME FROM EMP, DEPT WHERE DEPT.DEPT_NO = EMP.DEPT_NO AND EMP_NO=630;

Execution Plan
----------------------------------------------------------                                                                                       
Plan hash value: 1668757792                                                                                                                      
                                                                                                                                                 
---------------------------------------------------------------------------------------                                                          
| Id  | Operation                    | Name   | Rows  | Bytes | Cost (%CPU)| Time     |                                                          
---------------------------------------------------------------------------------------                                                          
|   0 | SELECT STATEMENT             |        |     1 |    36 |    42   (0)| 00:00:01 |                                                          
|   1 |  NESTED LOOPS                |        |     1 |    36 |    42   (0)| 00:00:01 |                                                          
|   2 |   NESTED LOOPS               |        |     7 |    36 |    42   (0)| 00:00:01 |                                                          
|   3 |    TABLE ACCESS FULL         | DEPT   |     7 |    91 |    35   (0)| 00:00:01 |                                                          
|*  4 |    INDEX UNIQUE SCAN         | EMP_PK |     1 |       |     0   (0)| 00:00:01 |                                                          
|*  5 |   TABLE ACCESS BY INDEX ROWID| EMP    |     1 |    23 |     1   (0)| 00:00:01 |                                                          
---------------------------------------------------------------------------------------                                                          
                                                                                                                                                 
Predicate Information (identified by operation id):                                                                                              
---------------------------------------------------                                                                                              
                                                                                                                                                 
   4 - access("EMP_NO"=630)                                                                                                                      
   5 - filter("DEPT"."DEPT_NO"="EMP"."DEPT_NO")                                                                                                  

SQL> SELECT /*+ LEADING (EMP) USE_NL(EMP) */ EMP_NO,ENAME,DNAME FROM EMP, DEPT WHERE DEPT.DEPT_NO = EMP.DEPT_NO AND DEPT.DEPT_NO=10;

Execution Plan
----------------------------------------------------------                                                                                       
Plan hash value: 2375772551                                                                                                                      
                                                                                                                                                 
------------------------------------------------------------------------------------------------                                                 
| Id  | Operation                            | Name    | Rows  | Bytes | Cost (%CPU)| Time     |                                                 
------------------------------------------------------------------------------------------------                                                 
|   0 | SELECT STATEMENT                     |         |   113 |  4068 |     4   (0)| 00:00:01 |                                                 
|*  1 |  HASH JOIN                           |         |   113 |  4068 |     4   (0)| 00:00:01 |                                                 
|   2 |   TABLE ACCESS BY INDEX ROWID BATCHED| EMP     |   113 |  2599 |     3   (0)| 00:00:01 |                                                 
|*  3 |    INDEX RANGE SCAN                  | DEPT_IX |   113 |       |     1   (0)| 00:00:01 |                                                 
|   4 |   TABLE ACCESS BY INDEX ROWID        | DEPT    |     1 |    13 |     1   (0)| 00:00:01 |                                                 
|*  5 |    INDEX UNIQUE SCAN                 | DEPT_PK |     1 |       |     0   (0)| 00:00:01 |                                                 
------------------------------------------------------------------------------------------------                                                 
                                                                                                                                                 
Predicate Information (identified by operation id):                                                                                              
---------------------------------------------------                                                                                              
                                                                                                                                                 
   1 - access("DEPT"."DEPT_NO"="EMP"."DEPT_NO")                                                                                                  
   3 - access("EMP"."DEPT_NO"=10)                                                                                                                
   5 - access("DEPT"."DEPT_NO"=10)                                                                                                               
                                                                                                                                                 
Hint Report (identified by operation id / Query Block Name / Object Alias):                                                                      
Total hints for statement: 1 (U - Unused (1))                                                                                                    
---------------------------------------------------------------------------                                                                      
                                                                                                                                                 
   2 -  SEL$1 / EMP@SEL$1                                                                                                                        
         U -  USE_NL(EMP)                                                                                                                        

SQL> SELECT /*+ USE_HASH(DEPT) */ EMP_NO,ENAME,DNAME FROM EMP, DEPT WHERE DEPT.DEPT_NO = EMP.DEPT_NO AND EMP_NO=630;

Execution Plan
----------------------------------------------------------                                                                                       
Plan hash value: 300184293                                                                                                                       
                                                                                                                                                 
---------------------------------------------------------------------------------------                                                          
| Id  | Operation                    | Name   | Rows  | Bytes | Cost (%CPU)| Time     |                                                          
---------------------------------------------------------------------------------------                                                          
|   0 | SELECT STATEMENT             |        |     1 |    36 |    37   (0)| 00:00:01 |                                                          
|*  1 |  HASH JOIN                   |        |     1 |    36 |    37   (0)| 00:00:01 |                                                          
|   2 |   TABLE ACCESS BY INDEX ROWID| EMP    |     1 |    23 |     2   (0)| 00:00:01 |                                                          
|*  3 |    INDEX UNIQUE SCAN         | EMP_PK |     1 |       |     1   (0)| 00:00:01 |                                                          
|   4 |   TABLE ACCESS FULL          | DEPT   |     7 |    91 |    35   (0)| 00:00:01 |                                                          
---------------------------------------------------------------------------------------                                                          
                                                                                                                                                 
Predicate Information (identified by operation id):                                                                                              
---------------------------------------------------                                                                                              
                                                                                                                                                 
   1 - access("DEPT"."DEPT_NO"="EMP"."DEPT_NO")                                                                                                  
   3 - access("EMP_NO"=630)                                                                                                                      

SQL> SELECT /*+ USE_HASH(DEPT) */ EMP_NO,ENAME,DNAME FROM EMP, DEPT WHERE DEPT.DEPT_NO = EMP.DEPT_NO AND EMP_NO BETWEEN 630 AND 649;

Execution Plan
----------------------------------------------------------                                                                                       
Plan hash value: 963559778                                                                                                                       
                                                                                                                                                 
-------------------------------------------------------------------------------------------------                                                
| Id  | Operation                             | Name    | Rows  | Bytes | Cost (%CPU)| Time     |                                                
-------------------------------------------------------------------------------------------------                                                
|   0 | SELECT STATEMENT                      |         |    17 |   612 |     6  (17)| 00:00:01 |                                                
|   1 |  MERGE JOIN                           |         |    17 |   612 |     6  (17)| 00:00:01 |                                                
|   2 |   TABLE ACCESS BY INDEX ROWID         | DEPT    |     7 |    91 |     2   (0)| 00:00:01 |                                                
|   3 |    INDEX FULL SCAN                    | DEPT_PK |     7 |       |     1   (0)| 00:00:01 |                                                
|*  4 |   SORT JOIN                           |         |    17 |   391 |     4  (25)| 00:00:01 |                                                
|   5 |    TABLE ACCESS BY INDEX ROWID BATCHED| EMP     |    17 |   391 |     3   (0)| 00:00:01 |                                                
|*  6 |     INDEX RANGE SCAN                  | EMP_PK  |    17 |       |     2   (0)| 00:00:01 |                                                
-------------------------------------------------------------------------------------------------                                                
                                                                                                                                                 
Predicate Information (identified by operation id):                                                                                              
---------------------------------------------------                                                                                              
                                                                                                                                                 
   4 - access("DEPT"."DEPT_NO"="EMP"."DEPT_NO")                                                                                                  
       filter("DEPT"."DEPT_NO"="EMP"."DEPT_NO")                                                                                                  
   6 - access("EMP_NO">=630 AND "EMP_NO"<=649)                                                                                                   
                                                                                                                                                 
Hint Report (identified by operation id / Query Block Name / Object Alias):                                                                      
Total hints for statement: 1 (U - Unused (1))                                                                                                    
---------------------------------------------------------------------------                                                                      
                                                                                                                                                 
   2 -  SEL$1 / DEPT@SEL$1                                                                                                                       
         U -  USE_HASH(DEPT)                                                                                                                     

SQL> SELECT /*+ LEADING(EMP) USE_HASH(DEPT) */ EMP_NO,ENAME,DNAME FROM EMP, DEPT WHERE DEPT.DEPT_NO = EMP.DEPT_NO AND EMP_NO BETWEEN 630 AND 649;

Execution Plan
----------------------------------------------------------                                                                                       
Plan hash value: 3860232458                                                                                                                      
                                                                                                                                                 
-----------------------------------------------------------------------------------------------                                                  
| Id  | Operation                            | Name   | Rows  | Bytes | Cost (%CPU)| Time     |                                                  
-----------------------------------------------------------------------------------------------                                                  
|   0 | SELECT STATEMENT                     |        |    17 |   612 |    38   (0)| 00:00:01 |                                                  
|*  1 |  HASH JOIN                           |        |    17 |   612 |    38   (0)| 00:00:01 |                                                  
|   2 |   TABLE ACCESS BY INDEX ROWID BATCHED| EMP    |    17 |   391 |     3   (0)| 00:00:01 |                                                  
|*  3 |    INDEX RANGE SCAN                  | EMP_PK |    17 |       |     2   (0)| 00:00:01 |                                                  
|   4 |   TABLE ACCESS FULL                  | DEPT   |     7 |    91 |    35   (0)| 00:00:01 |                                                  
-----------------------------------------------------------------------------------------------                                                  
                                                                                                                                                 
Predicate Information (identified by operation id):                                                                                              
---------------------------------------------------                                                                                              
                                                                                                                                                 
   1 - access("DEPT"."DEPT_NO"="EMP"."DEPT_NO")                                                                                                  
   3 - access("EMP_NO">=630 AND "EMP_NO"<=649)                                                                                                   

SQL> SELECT /*+ USE_MERGE(JOBS) */ EMP_NO,ENAME,DNAME,JOB_NAME FROM EMP, DEPT, JOBS WHERE DEPT.DEPT_NO = EMP.DEPT_NO AND JOBS.JOB_CODE = EMP.JOB_CODE;

Execution Plan
----------------------------------------------------------                                                                                       
Plan hash value: 2759725659                                                                                                                      
                                                                                                                                                 
-----------------------------------------------------------------------------------------                                                        
| Id  | Operation                     | Name    | Rows  | Bytes | Cost (%CPU)| Time     |                                                        
-----------------------------------------------------------------------------------------                                                        
|   0 | SELECT STATEMENT              |         |   879 | 51861 |    43   (3)| 00:00:01 |                                                        
|*  1 |  HASH JOIN                    |         |   879 | 51861 |    43   (3)| 00:00:01 |                                                        
|   2 |   TABLE ACCESS FULL           | DEPT    |     7 |    91 |    35   (0)| 00:00:01 |                                                        
|   3 |   MERGE JOIN                  |         |   879 | 40434 |     8  (13)| 00:00:01 |                                                        
|   4 |    TABLE ACCESS BY INDEX ROWID| JOBS    |    23 |   414 |     2   (0)| 00:00:01 |                                                        
|   5 |     INDEX FULL SCAN           | JOBS_PK |    23 |       |     1   (0)| 00:00:01 |                                                        
|*  6 |    SORT JOIN                  |         |   879 | 24612 |     6  (17)| 00:00:01 |                                                        
|   7 |     TABLE ACCESS FULL         | EMP     |   879 | 24612 |     5   (0)| 00:00:01 |                                                        
-----------------------------------------------------------------------------------------                                                        
                                                                                                                                                 
Predicate Information (identified by operation id):                                                                                              
---------------------------------------------------                                                                                              
                                                                                                                                                 
   1 - access("DEPT"."DEPT_NO"="EMP"."DEPT_NO")                                                                                                  
   6 - access("JOBS"."JOB_CODE"="EMP"."JOB_CODE")                                                                                                
       filter("JOBS"."JOB_CODE"="EMP"."JOB_CODE")                                                                                                
                                                                                                                                                 
Hint Report (identified by operation id / Query Block Name / Object Alias):                                                                      
Total hints for statement: 1 (U - Unused (1))                                                                                                    
---------------------------------------------------------------------------                                                                      
                                                                                                                                                 
   4 -  SEL$1 / JOBS@SEL$1                                                                                                                       
         U -  USE_MERGE(JOBS)                                                                                                                    

SQL> SELECT /*+leading(EMP,DEPT,JOBS)  USE_MERGE(JOBS) */ EMP_NO,ENAME,DNAME,JOB_NAME FROM EMP, DEPT, JOBS WHERE DEPT.DEPT_NO = EMP.DEPT_NO AND JOBS.JOB_CODE = EMP.JOB_CODE;

Execution Plan
----------------------------------------------------------                                                                                       
Plan hash value: 1144703764                                                                                                                      
                                                                                                                                                 
-----------------------------------------------------------------------------                                                                    
| Id  | Operation            | Name | Rows  | Bytes | Cost (%CPU)| Time     |                                                                    
-----------------------------------------------------------------------------                                                                    
|   0 | SELECT STATEMENT     |      |   879 | 51861 |    77   (3)| 00:00:01 |                                                                    
|   1 |  MERGE JOIN          |      |   879 | 51861 |    77   (3)| 00:00:01 |                                                                    
|   2 |   SORT JOIN          |      |   879 | 36039 |    41   (3)| 00:00:01 |                                                                    
|*  3 |    HASH JOIN         |      |   879 | 36039 |    40   (0)| 00:00:01 |                                                                    
|   4 |     TABLE ACCESS FULL| EMP  |   879 | 24612 |     5   (0)| 00:00:01 |                                                                    
|   5 |     TABLE ACCESS FULL| DEPT |     7 |    91 |    35   (0)| 00:00:01 |                                                                    
|*  6 |   SORT JOIN          |      |    23 |   414 |    36   (3)| 00:00:01 |                                                                    
|   7 |    TABLE ACCESS FULL | JOBS |    23 |   414 |    35   (0)| 00:00:01 |                                                                    
-----------------------------------------------------------------------------                                                                    
                                                                                                                                                 
Predicate Information (identified by operation id):                                                                                              
---------------------------------------------------                                                                                              
                                                                                                                                                 
   3 - access("DEPT"."DEPT_NO"="EMP"."DEPT_NO")                                                                                                  
   6 - access("JOBS"."JOB_CODE"="EMP"."JOB_CODE")                                                                                                
       filter("JOBS"."JOB_CODE"="EMP"."JOB_CODE")                                                                                                
                                                                                                                                                 
Note                                                                                                                                             
-----                                                                                                                                            
   - this is an adaptive plan                                                                                                                    

SQL> CREATE INDEX ORD_TOTAL_IX ON ORDERS(ORDER_TOTAL);

Index created.

SQL> set autot off
SQL> SELECT /*+ FULL(ORDERS) */ EMP_NO, ENAME FROM EMP WHERE EMP.EMP_NO IN ( SELECT SALES_REP_ID FROM ORDERS WHERE ORDER_TOTAL =
     (SELECT MAX(ORDER_TOTAL) FROM ORDERS WHERE SALES_REP_ID IS NOT NULL));

    EMP_NO ENAME                                                                                                                                 
---------- --------------------                                                                                                                  
       450 WQXOZM BYXTTUDZ                                                                                                                       

SQL> SELECT * FROM TABLE(DBMS_XPLAN.DISPLAY_CURSOR(FORMAT => 'BASIC'));

PLAN_TABLE_OUTPUT                                                                                                                                
------------------------------------------------------------------------------------------------------------------------------------------------------------------------------------
EXPLAINED SQL STATEMENT:                                                                                                                         
------------------------                                                                                                                         
SELECT /*+ FULL(ORDERS) */ EMP_NO, ENAME FROM EMP WHERE EMP.EMP_NO IN (SELECT SALES_REP_ID FROM ORDERS WHERE ORDER_TOTAL = (SELECT MAX(ORDER_TOTAL) FROM ORDERS WHERE SALES_REP_ID IS NOT NULL));                                                                                    
                                                                                                                                                 
Plan hash value: 1285631033                                                                                                                      
                                                                                                                                                 
--------------------------------------------------------------                                                                                   
| Id  | Operation                             | Name         |                                                                                   
--------------------------------------------------------------                                                                                   

PLAN_TABLE_OUTPUT                                                                                                                                
------------------------------------------------------------------------------------------------------------------------------------------------------------------------------------
|   0 | SELECT STATEMENT                      |              |                                                                                   
|   1 |  HASH JOIN RIGHT SEMI                 |              |                                                                                   
|   2 |   VIEW                                | VW_NSO_1     |                                                                                   
|   3 |    TABLE ACCESS BY INDEX ROWID BATCHED| ORDERS       |                                                                                   
|   4 |     INDEX RANGE SCAN                  | ORD_TOTAL_IX |                                                                                   
|   5 |      SORT AGGREGATE                   |              |                                                                                   
|   6 |       TABLE ACCESS FULL               | ORDERS       |                                                                                   
|   7 |   TABLE ACCESS FULL                   | EMP          |                                                                                   
--------------------------------------------------------------                                                                                   
                                                                                                                                                 

21 rows selected.

SQL> SELECT /*+ FULL(@deptblock ORDERS) */ EMP_NO, ENAME FROM EMP WHERE EMP.EMP_NO IN ( SELECT /*+ QB_NAME(deptblock) */ SALES_REP_ID FROM ORDERS
     WHERE ORDER_TOTAL = (SELECT MAX(ORDER_TOTAL) FROM ORDERS WHERE SALES_REP_ID IS NOT NULL));

    EMP_NO ENAME                                                                                                                                 
---------- --------------------                                                                                                                  
       450 WQXOZM BYXTTUDZ                                                                                                                       

SQL> SELECT * FROM TABLE(DBMS_XPLAN.DISPLAY_CURSOR(FORMAT => 'BASIC'));
SQL> SELECT /*+ FULL(@deptblock ORDERS) */ EMP_NO, ENAME FROM EMP WHERE EMP.EMP_NO IN ( SELECT /*+ QB_NAME(deptblock) */ SALES_REP_ID FROM                                                                               
     ORDERS WHERE ORDER_TOTAL = (SELECT MAX(ORDER_TOTAL) FROM ORDERS WHERE SALES_REP_ID IS NOT NULL));                                                                                                                      
                                                                                                                                                 
Plan hash value: 2686072486                                                                                                                      
                                                                                                                                                 
------------------------------------------                                                                                                       
| Id  | Operation             | Name     |                                                                                                       

PLAN_TABLE_OUTPUT                                                                                                                                
------------------------------------------------------------------------------------------------------------------------------------------------------------------------------------
------------------------------------------                                                                                                       
|   0 | SELECT STATEMENT      |          |                                                                                                       
|   1 |  HASH JOIN RIGHT SEMI |          |                                                                                                       
|   2 |   VIEW                | VW_NSO_1 |                                                                                                       
|   3 |    TABLE ACCESS FULL  | ORDERS   |                                                                                                       
|   4 |     SORT AGGREGATE    |          |                                                                                                       
|   5 |      TABLE ACCESS FULL| ORDERS   |                                                                                                       
|   6 |   TABLE ACCESS FULL   | EMP      |                                                                                                       
------------------------------------------                                                                                                       
                                                                                                                                                 

21 rows selected.

SQL> DROP INDEX ORD_TOTAL_IX;

Index dropped.

SQL> set autot trace exp
SQL> spool off
